/Users/fmoreno/Code/Java/jgsu-spring-petclinic/src/test/java/org/springframework/samples/petclinic/owner/VisitControllerTests.java
/Users/fmoreno/Code/Java/jgsu-spring-petclinic/src/test/java/org/springframework/samples/petclinic/service/ClinicServiceTests.java
/Users/fmoreno/Code/Java/jgsu-spring-petclinic/src/test/java/org/springframework/samples/petclinic/model/ValidatorTests.java
/Users/fmoreno/Code/Java/jgsu-spring-petclinic/src/test/java/org/springframework/samples/petclinic/owner/PetControllerTests.java
/Users/fmoreno/Code/Java/jgsu-spring-petclinic/src/test/java/org/springframework/samples/petclinic/system/CrashControllerTests.java
/Users/fmoreno/Code/Java/jgsu-spring-petclinic/src/test/java/org/springframework/samples/petclinic/vet/VetTests.java
/Users/fmoreno/Code/Java/jgsu-spring-petclinic/src/test/java/org/springframework/samples/petclinic/vet/VetControllerTests.java
/Users/fmoreno/Code/Java/jgsu-spring-petclinic/src/test/java/org/springframework/samples/petclinic/service/EntityUtils.java
/Users/fmoreno/Code/Java/jgsu-spring-petclinic/src/test/java/org/springframework/samples/petclinic/owner/PetTypeFormatterTests.java
/Users/fmoreno/Code/Java/jgsu-spring-petclinic/src/test/java/org/springframework/samples/petclinic/owner/OwnerControllerTests.java
/Users/fmoreno/Code/Java/jgsu-spring-petclinic/src/test/java/org/springframework/samples/petclinic/PetclinicIntegrationTests.java
